../Core/Src/main.c:85:5:main	48	static
../Core/Src/main.c:196:6:SystemClock_Config	88	static
../Core/Src/main.c:244:13:MX_ADC1_Init	24	static
../Core/Src/main.c:296:13:MX_RTC_Init	8	static
../Core/Src/main.c:331:13:MX_TIM1_Init	80	static
../Core/Src/main.c:408:13:MX_TIM2_Init	48	static
../Core/Src/main.c:469:13:MX_TIM3_Init	48	static
../Core/Src/main.c:530:13:MX_GPIO_Init	40	static
../Core/Src/main.c:593:6:HAL_GPIO_EXTI_Callback	32	static
../Core/Src/main.c:644:6:Error_Handler	4	static,ignoring_inline_asm
