../Core/Src/main.c:88:5:main	48	static
../Core/Src/main.c:145:6:SystemClock_Config	88	static
../Core/Src/main.c:193:13:MX_ADC1_Init	24	static
../Core/Src/main.c:245:13:MX_RTC_Init	8	static
../Core/Src/main.c:280:13:MX_TIM1_Init	80	static
../Core/Src/main.c:357:13:MX_TIM2_Init	48	static
../Core/Src/main.c:418:13:MX_TIM3_Init	48	static
../Core/Src/main.c:479:13:MX_TIM4_Init	48	static
../Core/Src/main.c:528:13:MX_GPIO_Init	40	static
../Core/Src/main.c:591:6:HAL_GPIO_EXTI_Callback	32	static
../Core/Src/main.c:627:6:Error_Handler	4	static,ignoring_inline_asm
